// Jest Snapshot v1, https://goo.gl/fbAQLP

exports[`should  render EditExpensePage 1`] = `
<div>
  <ExpenseForm
    expense={
      Object {
        "amount": 1120,
        "createdAt": 0,
        "description": "xbox",
        "id": "123",
        "note": "",
      }
    }
    onSubmit={[Function]}
  />
  <button
    onClick={[Function]}
  >
    remove
  </button>
</div>
`;
